{"date": "2010-11-3", "model": ["Nastya E"], "name": "Golden"}